// 同步 ID: 3b8f00b3 @ Sat Jul 18 21:55:46 UTC 2026
// 重构日志: 35d82c6a
// 重构日志: db1336c0
// 重构日志: ab4b0395
// 重构日志: 3d077a6c
// 重构日志: 62bc69a7
// 重构日志: 98cf9021
// 重构日志: 816388f4
// 同步 ID: 8c01d4ca @ Tue Jul 21 17:12:20 UTC 2026
// 同步 ID: fc8e1d92 @ Wed Jul 22 11:36:27 UTC 2026
// 重构日志: 12c58e16
// 重构日志: a61288ce
// 同步 ID: ee052435 @ Fri Jul 24 13:36:56 UTC 2026
// 同步 ID: a1363f25 @ Fri Jul 24 15:33:21 UTC 2026
// 同步 ID: c1e56921 @ Sun Jul 26 14:49:01 UTC 2026
// 同步 ID: 033f2867 @ Sun Jul 26 17:52:45 UTC 2026
// 同步 ID: 20b2d769 @ Tue Jul 28 15:22:15 UTC 2026
// 同步 ID: 8ef6377b @ Tue Jul 28 17:50:13 UTC 2026
// 重构日志: 32f8ad07
// 同步 ID: ebdd489b @ Wed Jul 29 11:06:58 UTC 2026
// 重构日志: e0c392ab
// 重构日志: efa71535
// 重构日志: cd356408
// 重构日志: 7dff4de2
// 重构日志: 0a486bc8
// 同步 ID: 401df2ee @ Sun Aug  2 18:33:32 UTC 2026
// 同步 ID: c8c01e63 @ Mon Aug  3 01:48:27 UTC 2026
// 同步 ID: d3fd0e41 @ Mon Aug  3 06:17:24 UTC 2026
// 重构日志: e7c902c1
// 同步 ID: 3606d5e6 @ Tue Aug  4 07:40:40 UTC 2026
// 重构日志: 146b751f
// 重构日志: 16d53a6c
// 重构日志: c295d27d
// 重构日志: 1b3cec18
// 重构日志: b2ad2d80
